SQL> DECLARE
delete_count number;
cursor cur is
select a.ID from DLEX_B6RESV.RESVCUSTOMERPAYMENT a, DLEX_B6RESV.RESVEVENT b  where a.RESVEVENTID = b.id(+) and b.id is null;
TYPE CII_TYPE IS TABLE OF NUMBER;
CII_TYPE_TBL CII_TYPE;
BEGIN
delete_count := 0;
OPEN CUR;
LOOP
FETCH CUR BULK COLLECT INTO CII_TYPE_TBL LIMIT 20000;
FORALL i IN 1..CII_TYPE_TBL.COUNT
insert into CDBA.RESVCUSTOMERPAYMENT select * from DLEX_B6RESV.RESVCUSTOMERPAYMENT where ID=CII_TYPE_TBL(i);
--delete from DLEX_B6RESV.RESVCUSTOMERPAYMENT where ID=CII_TYPE_TBL(i) ;
delete_count := delete_count + sql%rowcount ;
insert into cdba.orphan_deletes_tracking (table_deleting,deleted_so_Far,delete_time) values ('RESVCUSTOMERPAYMENT',delete_count,sysdate);
COMMIT;
EXIT WHEN CUR%NOTFOUND;
END LOOP;
CLOSE CUR;
END;
/




-1.Create a tracking table:

-create table cdba.orphan_deletes_tracking as select 'RESVCUSTOMERPAYMENT' table_deleting, 0 deleted_so_far, sysdate delete_time from dual;

2. Create backup table:

-create table CDBA.RESVCUSTOMERPAYMENT as select a.* from DLEX_B6RESV.RESVCUSTOMERPAYMENT a, DLEX_B6RESV.RESVEVENT b  where a.RESVEVENTID = b.id(+) and b.id is null;



login as: oracle
oracle@jbcualora2002c's password:
Last login: Fri Oct 15 19:38:43 2021
-bash-4.2$ ps -ef|grep pmon
grid      14658      1  0 Sep22 ?        00:02:44 asm_pmon_+ASM1
grid      19010      1  0 Sep22 ?        00:02:01 apx_pmon_+APX1
oracle    41830      1  0 Sep22 ?        00:04:06 ora_pmon_DOSTG1
oracle    44538      1  0 Sep22 ?        00:03:00 ora_pmon_DFSTG1
oracle    49624      1  0 Sep22 ?        00:02:58 ora_pmon_DASTG1
oracle    52742      1  0 Sep22 ?        00:03:01 ora_pmon_DRSTG1
oracle    69091      1  0 Sep22 ?        00:04:02 ora_pmon_TOQA1
oracle    72641      1  0 Sep22 ?        00:02:43 ora_pmon_TRQA1
oracle    75671      1  0 Sep22 ?        00:02:50 ora_pmon_TFQA1
oracle    76963      1  0 Sep22 ?        00:02:48 ora_pmon_TAQA1
oracle    78817      1  0 Sep22 ?        00:03:26 ora_pmon_CCQA1
oracle    90608  90464  0 15:11 pts/0    00:00:00 grep --color=auto pmon
oracle    91804      1  0 Sep23 ?        00:03:22 ora_pmon_CCSTG1
-bash-4.2$ . .profile_toqa
-bash-4.2$ sqlplus / as sysdba

SQL*Plus: Release 19.0.0.0.0 - Production on Mon Oct 18 15:11:45 2021
Version 19.9.0.0.0

Copyright (c) 1982, 2020, Oracle.  All rights reserved.


Connected to:
Oracle Database 19c Enterprise Edition Release 19.0.0.0.0 - Production
Version 19.9.0.0.0

SQL> create table cdba.orphan_deletes_tracking as select 'RESVCUSTOMERPAYMENT' table_deleting, 0 deleted_so_far, sysdate delete_time from dual;
create table cdba.orphan_deletes_tracking as select 'RESVCUSTOMERPAYMENT' table_deleting, 0 deleted_so_far, sysdate delete_time from dual
                                                                                                                                     *
ERROR at line 1:
ORA-01918: user 'CDBA' does not exist


SQL> create user cdba identified by cdba1;

User created.

SQL> grant connect,resource to cdba;

Grant succeeded.

SQL> create table cdba.orphan_deletes_tracking as select 'RESVCUSTOMERPAYMENT' table_deleting, 0 deleted_so_far, sysdate delete_time from dual;
create table cdba.orphan_deletes_tracking as select 'RESVCUSTOMERPAYMENT' table_deleting, 0 deleted_so_far, sysdate delete_time from dual
                                                                                                                                     *
ERROR at line 1:
ORA-01950: no privileges on tablespace 'USERS'


SQL> grant quota unlimited on USERS to cdba;
grant quota unlimited on USERS to cdba
      *
ERROR at line 1:
ORA-00990: missing or invalid privilege


SQL> alter user cdba quota unlimited on USERS;

User altered.

SQL> create table cdba.orphan_deletes_tracking as select 'RESVCUSTOMERPAYMENT' table_deleting, 0 deleted_so_far, sysdate delete_time from dual;

Table created.

SQL> create table CDBA.RESVCUSTOMERPAYMENT as select a.* from DLEX_B6RESV.RESVCUSTOMERPAYMENT a, DLEX_B6RESV.RESVEVENT b  where a.RESVEVENTID = b.id(+) and b.id is null;

Table created.

SQL> select count(*) from CDBA.RESVCUSTOMERPAYMENT;

  COUNT(*)
----------
     59315

SQL> desc CDBA.RESVCUSTOMERPAYMENT
 Name                                      Null?    Type
 ----------------------------------------- -------- ----------------------------
 ID                                        NOT NULL NUMBER(38)
 RESVCUSTOMERID                            NOT NULL NUMBER(38)
 SEQUENCE                                  NOT NULL NUMBER(38)
 RESVEVENTID                                        NUMBER(38)
 AMOUNT                                             NUMBER(18,6)
 CURRENCYCODE                                       VARCHAR2(3)
 FORMOFPAYMENTTYPECODE                              VARCHAR2(100)
 RECEIVEDDATE                                       DATE
 CCCOMPANY                                          VARCHAR2(100)
 CCNUMBER                                           VARCHAR2(100)
 CCEXPIRATIONDATE                                   DATE
 CCSECURITYPINCODE                                  VARCHAR2(100)
 CARDHOLDERNAME                                     VARCHAR2(100)
 CCAUTHCODE                                         VARCHAR2(100)
 CCAUTHDATETIME                                     DATE
 CCAUTHSYSTEM                                       VARCHAR2(25)
 CCCAPTURECODE                                      VARCHAR2(100)
 CCCAPTUREDATETIME                                  DATE
 CCCAPTURESYSTEM                                    VARCHAR2(25)
 CHECKOROTHERFOPNUMBER                              VARCHAR2(100)
 VOIDDATETIME                                       DATE
 VOIDREASON                                         VARCHAR2(250)
 VOIDUSER                                           VARCHAR2(100)
 CONCURRENCYCOL                                     NUMBER(38)
 NUMBEROFINSTALMENTS                                NUMBER(5)
 INSTALMENTFREQUENCY                                NUMBER(5)
 INSTALMENTFREQUENCYPERIOD                          VARCHAR2(50)
 ALTERNATIVEAMOUNTPAID                              NUMBER(18,6)
 ALTERNATIVECURRENCY                                VARCHAR2(3)
 ALTERNATIVEEXCHANGERATE                            NUMBER(18,6)
 CCCOMPANYCODE                                      VARCHAR2(10)
 CCADDRESSVERIFCODE                                 VARCHAR2(50)
 CCADDRESSVERIFDATETIME                             DATE
 CCADDRESSVERIFADDRESSSEQ                           NUMBER(15,5)
 CCADDRESSVERIFADDREMSYS                            VARCHAR2(100)
 TRANSACTIONID                                      VARCHAR2(100)
 FAILUREREASON                                      VARCHAR2(100)
 ATTEMPTNUMBER                                      NUMBER(3)
 CARDISSUINGCOUNTRY                                 VARCHAR2(100)
 FAILUREREASONDESCRIPTION                           VARCHAR2(200)
 STARTDATE                                          DATE
 ISSUENUMBER                                        VARCHAR2(100)
 ACCOUNTNUMBER                                      VARCHAR2(100)
 ORDERCODE                                          VARCHAR2(100)
 BANKID                                             VARCHAR2(20)
 BANKCODE                                           VARCHAR2(50)
 PAYMENTDESCR                                       VARCHAR2(100)
 BANKGROUPCODE                                      VARCHAR2(50)
 ALTERNATIVEEXCHANGERATESOURCE                      VARCHAR2(50)
 ALTERNATIVERATEMARGINPERCENT                       NUMBER(9,4)
 CREDITCARDNUMBERMASKED                             NUMBER(1)
 MILESAMOUNT                                        NUMBER(38)
 REFUNDCODE                                         VARCHAR2(20)
 REFUNDDATETIME                                     DATE
 REFUNDREASON                                       VARCHAR2(100)
 CLIENTFULFILLMENTKEY                               VARCHAR2(200)
 REFUNDREASONCODE                                   VARCHAR2(100)
 INTERNALAGENTCODE                                  VARCHAR2(100)
 MILESAMOUNTMONEYEQUIVALENT                         NUMBER(18,6)
 BANKSORTCODE                                       VARCHAR2(25)
 DCBECERTNUMBER                                     VARCHAR2(100)
 DCBECERTPIN                                        VARCHAR2(100)
 DCBECERTTYPE                                       VARCHAR2(100)
 DCBECERTEXPIRYDATE                                 DATE
 PAYMENTCOMPLETEDUEDATE                             DATE
 CURRENCYCONVERSIONTRXID                            VARCHAR2(100)

SQL> truncate CDBA.RESVCUSTOMERPAYMENT;
truncate CDBA.RESVCUSTOMERPAYMENT
             *
ERROR at line 1:
ORA-03290: Invalid truncate command - missing CLUSTER or TABLE keyword


SQL> truncate table CDBA.RESVCUSTOMERPAYMENT;

Table truncated.

SQL> select count(*) from CDBA.RESVCUSTOMERPAYMENT;

  COUNT(*)
----------
         0

SQL> select * from cdba.orphan_deletes_tracking;

TABLE_DELETING      DELETED_SO_FAR DELETE_TI
------------------- -------------- ---------
RESVCUSTOMERPAYMENT              0 18-OCT-21

SQL> DECLARE
delete_count number;
cursor cur is
select a.ID from DLEX_B6RESV.RESVCUSTOMERPAYMENT a, DLEX_B6RESV.RESVEVENT b  where a.RESVEVENTID = b.id(+) and b.id is null;
TYPE CII_TYPE IS TABLE OF NUMBER;
CII_TYPE_TBL CII_TYPE;
BEGIN
delete_count = 0;
OPEN CUR;
LOOP
FETCH CUR BULK COLLECT INTO CII_TYPE_TBL LIMIT 20000;
FORALL i IN 1..CII_TYPE_TBL.COUNT
insert into CDBA.RESVCUSTOMERPAYMENT select * from DLEX_B6RESV.RESVCUSTOMERPAYMENT where ID=CII_TYPE_TBL(i);
--delete from DLEX_B6RESV.RESVCUSTOMERPAYMENT where ID=CII_TYPE_TBL(i) ;
delete_count = delete_count + sql  2  %rowcount ;
insert into cdba.orphan_deletes_tracking (table_deleting,deleted_so_Far,delete_time) values ('RESVCUSTOMERPAYMENT',delete_count,sysdate);
COMMIT;
EXIT WHEN CUR%NOTFOUND;
END LOOP;
CLOSE CUR;
  3  END;
*/  4    5    6    7    8    9   10   11   12   13   14   15   16   17   18   19   20   21   22
 23
 24  ^C^C

SQL> DECLARE
delete_count number;
cursor cur is
select a.ID from DLEX_B6RESV.RESVCUSTOMERPAYMENT a, DLEX_B6RESV.RESVEVENT b  where a.RESVEVENTID = b.id(+) and b.id is null;
TYPE CII_TYPE IS TABLE OF NUMBER;
CII_TYPE_TBL CII_TYPE;
BEGIN
delete_count = 0;
OPEN CUR;
LOOP
FETCH CUR BULK COLLECT INTO CII_TYPE_TBL LIMIT 20000;
FORALL i IN 1..CII_TYPE_TBL.COUNT
insert into CDBA.RESVCUSTOMERPAYMENT select * from DLEX_B6RESV.RESVCUSTOMERPAYMENT where ID=CII_TYPE_TBL(i);
--delete from DLEX_B6RESV.RESVCUSTOMERPAYMENT where  2   ID=CII_TYPE_TBL(i) ;
delete_count = delete_count + sql%rowcount ;
insert into cdba.orphan_deletes_tracking (table_deleting,deleted_so_Far,delete_time) values ('RESVCUSTOMERPAYMENT',delete_count,sysdate);
COMMIT;
  3    4    5    6    7    8    9   10   11   12   13   14   15   16   17   18  EXIT WHEN CUR%NOTFOUND;
END LOOP;
CLOSE CUR;
END;
 19   20   21   22  /
delete_count = 0;
             *
ERROR at line 8:
ORA-06550: line 8, column 14:
PLS-00103: Encountered the symbol "=" when expecting one of the following:
:= . ( @ % ;
The symbol ":= was inserted before "=" to continue.
ORA-06550: line 15, column 14:
PLS-00103: Encountered the symbol "=" when expecting one of the following:
:= . ( @ % ;
ORA-06550: line 15, column 44:
PLS-00103: Encountered the symbol ";" when expecting one of the following:
. ( ) , * @ % & - + / at mod remainder rem <an exponent (**)>
and or ||
ORA-06550: line 20, column 1:
PLS-00103: Encountered the symbol "CLOSE" when expecting one of the following:
end not pragma final instantiable persistable order
overriding static member constructor map


SQL> DECLARE
delete_count number;
cursor cur is
select a.ID from DLEX_B6RESV.RESVCUSTOMERPAYMENT a, DLEX_B6RESV.RESVEVENT b  where a.RESVEVENTID = b.id(+) and b.id is null;
TYPE CII_TYPE IS TABLE OF NUMBER;
CII_TYPE_TBL CII_TYPE;
BEGIN
delete_count := 0;
OPEN CUR;
LOOP
FETCH CUR BULK COLLECT INTO CII_TYPE_TBL LIMIT 20000;
FORALL i IN 1..CII_TYPE_TBL.COUNT
insert into CDBA.RESVCUSTOMERPAYMENT select * from DLEX_B6RESV.RESVCUSTOMERPAYMENT where ID=CII_TYPE_TBL(i);
--delete from DLEX_B6RESV.RESVCUSTOMERPAYMENT where ID=CII_TYPE_TBL(i) ;
delete_count := delete_count + sql%rowcount ;
insert into cdba.orphan_deletes_tracking (table_deleting,deleted_so_Far,delete_time) values ('RESVCUSTOMERPAYMENT',delete_count,sysdate);
  2    3    4    5    6    7  COMMIT;
EXIT WHEN CUR%NOTFOUND;
END LOOP;
CLOSE CUR;
END;
/
  8    9   10   11   12   13   14   15   16   17   18   19   20   21   22

PL/SQL procedure successfully completed.

SQL> SQL> select * from cdba.orphan_deletes_tracking;

TABLE_DELETING      DELETED_SO_FAR DELETE_TI
------------------- -------------- ---------
RESVCUSTOMERPAYMENT              0 18-OCT-21
RESVCUSTOMERPAYMENT          20000 18-OCT-21
RESVCUSTOMERPAYMENT          40000 18-OCT-21
RESVCUSTOMERPAYMENT          59316 18-OCT-21

SQL> select count(*) from CDBA.RESVCUSTOMERPAYMENT;

  COUNT(*)
----------
     59316

SQL>







